[INFO] Scanning for projects...
[INFO] 
[INFO] -----------------< com.demoblaze:demoblaze-api-karate >-----------------
[INFO] Building demoblaze-api-karate 1.0.0-SNAPSHOT
[INFO]   from pom.xml
[INFO] --------------------------------[ jar ]---------------------------------
[INFO] Loaded 23991 auto-discovered prefixes for remote repository central (prefixes-central.txt)
[INFO] Loaded 74 auto-discovered prefixes for remote repository apache.snapshots (prefixes-apache.snapshots.txt)
[INFO] 
[INFO] --- clean:3.5.0:clean (default-clean) @ demoblaze-api-karate ---
[INFO] Deleting C:\Users\acvsy\Documents\Alex\Pruebas sofka\demoblaze-api-karate\target
[INFO] 
[INFO] --- resources:3.5.0:resources (default-resources) @ demoblaze-api-karate ---
[INFO] skip non existing resourceDirectory C:\Users\acvsy\Documents\Alex\Pruebas sofka\demoblaze-api-karate\src\main\resources
[INFO] 
[INFO] --- compiler:3.14.0:compile (default-compile) @ demoblaze-api-karate ---
[INFO] No sources to compile
[INFO] 
[INFO] --- resources:3.5.0:testResources (default-testResources) @ demoblaze-api-karate ---
[INFO] Copying 6 resources from src\test\resources to target\test-classes
[INFO] 
[INFO] --- compiler:3.14.0:testCompile (default-testCompile) @ demoblaze-api-karate ---
[INFO] Recompiling the module because of changed source code.
[INFO] Compiling 1 source file with javac [debug release 17] to target\test-classes
[INFO] 
[INFO] --- surefire:3.5.3:test (default-test) @ demoblaze-api-karate ---
[INFO] Using auto detected provider org.apache.maven.surefire.junitplatform.JUnitPlatformProvider
[INFO] 
[INFO] -------------------------------------------------------
[INFO]  T E S T S
[INFO] -------------------------------------------------------
[INFO] Running com.demoblaze.api.ApiTest
21:56:08.686 INFO  com.intuit.karate.Runner - using system property 'karate.options': --tags @api
21:56:09.523 DEBUG com.intuit.karate.Suite - [config] classpath:karate-config.js
21:56:09.531 DEBUG com.intuit.karate.Suite - waiting for 2 features to complete
21:56:11.165 DEBUG com.intuit.karate - request:
1 > POST https://api.demoblaze.com/signup
1 > Content-Type: application/json; charset=UTF-8
1 > Content-Length: 78
1 > Host: api.demoblaze.com
1 > Connection: Keep-Alive
1 > User-Agent: Apache-HttpClient/4.5.14 (Java/17.0.20.1)
1 > Accept-Encoding: gzip,deflate
{"username":"alexqa_18468dde-b550-4b72-ade7-2dfadfbed458","password":"123456"}

21:56:12.142 DEBUG com.intuit.karate - response time in milliseconds: 977
1 < 200
1 < content-type: application/json
1 < x-cloud-trace-context: a608df6aa52784344f85b0c707fefa25;o=1
1 < date: Mon, 05 Oct 2026 02:56:11 GMT
1 < server: Google Frontend
1 < Content-Length: 3
""


21:56:12.251 DEBUG com.intuit.karate - request:
1 > POST https://api.demoblaze.com/login
1 > Content-Type: application/json; charset=UTF-8
1 > Content-Length: 78
1 > Host: api.demoblaze.com
1 > Connection: Keep-Alive
1 > User-Agent: Apache-HttpClient/4.5.14 (Java/17.0.20.1)
1 > Accept-Encoding: gzip,deflate
{"username":"alexqa_18468dde-b550-4b72-ade7-2dfadfbed458","password":"123456"}

21:56:12.623 DEBUG com.intuit.karate - response time in milliseconds: 372
1 < 200
1 < content-type: application/json
1 < vary: Accept-Encoding
1 < x-cloud-trace-context: 7f9ef647e59329109cd2e53dc99ee51d
1 < date: Mon, 05 Oct 2026 02:56:12 GMT
1 < server: Google Frontend
1 < Transfer-Encoding: chunked
"Auth_token: YWxleHFhXzE4NDY4ZGRlLWI1NTAtNGI3Mi1hZGU3LTJkZmFkZmJlZDQ1ODE3OTE3Njg="


21:56:12.719 DEBUG com.intuit.karate - request:
1 > POST https://api.demoblaze.com/signup
1 > Content-Type: application/json; charset=UTF-8
1 > Content-Length: 78
1 > Host: api.demoblaze.com
1 > Connection: Keep-Alive
1 > User-Agent: Apache-HttpClient/4.5.14 (Java/17.0.20.1)
1 > Accept-Encoding: gzip,deflate
{"username":"alexqa_6f356c36-ea9c-46a9-b589-2751e907671c","password":"123456"}

21:56:13.030 DEBUG com.intuit.karate - response time in milliseconds: 311
1 < 200
1 < content-type: application/json
1 < x-cloud-trace-context: 89c87d1a1c43ae39738947f998146ec0
1 < date: Mon, 05 Oct 2026 02:56:12 GMT
1 < server: Google Frontend
1 < Content-Length: 3
""


21:56:13.048 DEBUG com.intuit.karate - request:
1 > POST https://api.demoblaze.com/login
1 > Content-Type: application/json; charset=UTF-8
1 > Content-Length: 82
1 > Host: api.demoblaze.com
1 > Connection: Keep-Alive
1 > User-Agent: Apache-HttpClient/4.5.14 (Java/17.0.20.1)
1 > Accept-Encoding: gzip,deflate
{"username":"alexqa_6f356c36-ea9c-46a9-b589-2751e907671c","password":"incorrecto"}

21:56:13.307 DEBUG com.intuit.karate - response time in milliseconds: 259
1 < 200
1 < content-type: application/json
1 < vary: Accept-Encoding
1 < x-cloud-trace-context: e4da1088e39d92bf7c6f0b8f67964b5a
1 < date: Mon, 05 Oct 2026 02:56:12 GMT
1 < server: Google Frontend
1 < Transfer-Encoding: chunked
{"errorMessage":"Wrong password."}


---------------------------------------------------------
feature: classpath:features/auth/login.feature
scenarios:  2 | passed:  2 | failed:  0 | time: 2,7224
---------------------------------------------------------

21:56:15.086 INFO  com.intuit.karate.Suite - <<pass>> feature 1 of 2 (1 remaining) classpath:features/auth/login.feature
21:56:15.156 DEBUG com.intuit.karate - request:
1 > POST https://api.demoblaze.com/signup
1 > Content-Type: application/json; charset=UTF-8
1 > Content-Length: 78
1 > Host: api.demoblaze.com
1 > Connection: Keep-Alive
1 > User-Agent: Apache-HttpClient/4.5.14 (Java/17.0.20.1)
1 > Accept-Encoding: gzip,deflate
{"username":"alexqa_bab3c73e-e268-46b6-82ff-c333ccfe6227","password":"123456"}

21:56:15.477 DEBUG com.intuit.karate - response time in milliseconds: 319
1 < 200
1 < content-type: application/json
1 < x-cloud-trace-context: c3158e8f526a01887c6f0b8f679640a1
1 < date: Mon, 05 Oct 2026 02:56:14 GMT
1 < server: Google Frontend
1 < Content-Length: 3
""


21:56:15.569 DEBUG com.intuit.karate - request:
1 > POST https://api.demoblaze.com/signup
1 > Content-Type: application/json; charset=UTF-8
1 > Content-Length: 78
1 > Host: api.demoblaze.com
1 > Connection: Keep-Alive
1 > User-Agent: Apache-HttpClient/4.5.14 (Java/17.0.20.1)
1 > Accept-Encoding: gzip,deflate
{"username":"alexqa_0bc59693-c9b8-42ff-9a30-0296b164bf4d","password":"123456"}

21:56:15.909 DEBUG com.intuit.karate - response time in milliseconds: 338
1 < 200
1 < content-type: application/json
1 < x-cloud-trace-context: fdfb70e11cea4f6bfb129b34eb2194fe
1 < date: Mon, 05 Oct 2026 02:56:15 GMT
1 < server: Google Frontend
1 < Content-Length: 3
""


21:56:15.922 DEBUG com.intuit.karate - request:
1 > POST https://api.demoblaze.com/signup
1 > Content-Type: application/json; charset=UTF-8
1 > Content-Length: 78
1 > Host: api.demoblaze.com
1 > Connection: Keep-Alive
1 > User-Agent: Apache-HttpClient/4.5.14 (Java/17.0.20.1)
1 > Accept-Encoding: gzip,deflate
{"username":"alexqa_0bc59693-c9b8-42ff-9a30-0296b164bf4d","password":"123456"}

21:56:16.183 DEBUG com.intuit.karate - response time in milliseconds: 259
1 < 200
1 < content-type: application/json
1 < vary: Accept-Encoding
1 < x-cloud-trace-context: 137d9c61ee0515c4bc098ce0b15852bb
1 < date: Mon, 05 Oct 2026 02:56:15 GMT
1 < server: Google Frontend
1 < Transfer-Encoding: chunked
{"errorMessage":"This user already exist."}


---------------------------------------------------------
feature: classpath:features/auth/signup.feature
scenarios:  2 | passed:  2 | failed:  0 | time: 1,0678
---------------------------------------------------------

21:56:16.474 INFO  com.intuit.karate.Suite - <<pass>> feature 2 of 2 (0 remaining) classpath:features/auth/signup.feature
Karate version: 1.5.2
======================================================
elapsed:   7,79 | threads:    1 | thread time: 3,79 
features:     2 | skipped:    0 | efficiency: 0,49
scenarios:    4 | passed:     4 | failed: 0
======================================================

HTML report: (paste into browser to view) | Karate version: 1.5.2
file:///C:/Users/acvsy/Documents/Alex/Pruebas%20sofka/demoblaze-api-karate/target/karate-reports/karate-summary.html
===================================================================

[INFO] Tests run: 1, Failures: 0, Errors: 0, Skipped: 0, Time elapsed: 8.448 s -- in com.demoblaze.api.ApiTest
[INFO] 
[INFO] Results:
[INFO] 
[INFO] Tests run: 1, Failures: 0, Errors: 0, Skipped: 0
[INFO] 
[INFO] ------------------------------------------------------------------------
[INFO] BUILD SUCCESS
[INFO] ------------------------------------------------------------------------
[INFO] Total time:  16.551 s
[INFO] Finished at: 2026-10-04T21:56:16-05:00
[INFO] ------------------------------------------------------------------------
