[INFO] Scanning for projects...
[INFO] 
[INFO] -----------------< com.demoblaze:demoblaze-api-karate >-----------------
[INFO] Building demoblaze-api-karate 1.0.0-SNAPSHOT
[INFO]   from pom.xml
[INFO] --------------------------------[ jar ]---------------------------------
[INFO] Loaded 23991 auto-discovered prefixes for remote repository central (prefixes-central.txt)
[INFO] Loaded 74 auto-discovered prefixes for remote repository apache.snapshots (prefixes-apache.snapshots.txt)
[INFO] 
[INFO] --- clean:3.5.0:clean (default-clean) @ demoblaze-api-karate ---
[INFO] Deleting C:\Users\acvsy\Documents\Alex\Pruebas sofka\demoblaze-api-karate\target
[INFO] 
[INFO] --- resources:3.5.0:resources (default-resources) @ demoblaze-api-karate ---
[INFO] skip non existing resourceDirectory C:\Users\acvsy\Documents\Alex\Pruebas sofka\demoblaze-api-karate\src\main\resources
[INFO] 
[INFO] --- compiler:3.14.0:compile (default-compile) @ demoblaze-api-karate ---
[INFO] No sources to compile
[INFO] 
[INFO] --- resources:3.5.0:testResources (default-testResources) @ demoblaze-api-karate ---
[INFO] Copying 6 resources from src\test\resources to target\test-classes
[INFO] 
[INFO] --- compiler:3.14.0:testCompile (default-testCompile) @ demoblaze-api-karate ---
[INFO] Recompiling the module because of changed source code.
[INFO] Compiling 1 source file with javac [debug release 17] to target\test-classes
[INFO] 
[INFO] --- surefire:3.5.3:test (default-test) @ demoblaze-api-karate ---
[INFO] Using auto detected provider org.apache.maven.surefire.junitplatform.JUnitPlatformProvider
[INFO] 
[INFO] -------------------------------------------------------
[INFO]  T E S T S
[INFO] -------------------------------------------------------
[INFO] Running com.demoblaze.api.ApiTest
21:55:12.420 INFO  com.intuit.karate.Runner - using system property 'karate.options': --tags @negative
21:55:13.670 DEBUG com.intuit.karate.Suite - [config] classpath:karate-config.js
21:55:13.682 DEBUG com.intuit.karate.Suite - waiting for 2 features to complete
21:55:17.287 DEBUG com.intuit.karate - request:
1 > POST https://api.demoblaze.com/signup
1 > Content-Type: application/json; charset=UTF-8
1 > Content-Length: 78
1 > Host: api.demoblaze.com
1 > Connection: Keep-Alive
1 > User-Agent: Apache-HttpClient/4.5.14 (Java/17.0.20.1)
1 > Accept-Encoding: gzip,deflate
{"username":"alexqa_0a476a91-0dd2-4260-bb27-5c8408af4b4e","password":"123456"}

21:55:17.980 DEBUG com.intuit.karate - response time in milliseconds: 683
1 < 200
1 < content-type: application/json
1 < x-cloud-trace-context: 39c62f4ff8fb376130cdcf76534bbc42
1 < date: Mon, 05 Oct 2026 02:55:17 GMT
1 < server: Google Frontend
1 < Content-Length: 3
""


21:55:18.047 DEBUG com.intuit.karate - request:
1 > POST https://api.demoblaze.com/login
1 > Content-Type: application/json; charset=UTF-8
1 > Content-Length: 82
1 > Host: api.demoblaze.com
1 > Connection: Keep-Alive
1 > User-Agent: Apache-HttpClient/4.5.14 (Java/17.0.20.1)
1 > Accept-Encoding: gzip,deflate
{"username":"alexqa_0a476a91-0dd2-4260-bb27-5c8408af4b4e","password":"incorrecto"}

21:55:18.335 DEBUG com.intuit.karate - response time in milliseconds: 288
1 < 200
1 < content-type: application/json
1 < vary: Accept-Encoding
1 < x-cloud-trace-context: 00e84913e89e41c809d84c3bc5ab055a
1 < date: Mon, 05 Oct 2026 02:55:17 GMT
1 < server: Google Frontend
1 < Transfer-Encoding: chunked
{"errorMessage":"Wrong password."}


---------------------------------------------------------
feature: classpath:features/auth/login.feature
scenarios:  1 | passed:  1 | failed:  0 | time: 2,0230
---------------------------------------------------------

21:55:20.256 INFO  com.intuit.karate.Suite - <<pass>> feature 1 of 2 (1 remaining) classpath:features/auth/login.feature
21:55:20.296 DEBUG com.intuit.karate - request:
1 > POST https://api.demoblaze.com/signup
1 > Content-Type: application/json; charset=UTF-8
1 > Content-Length: 78
1 > Host: api.demoblaze.com
1 > Connection: Keep-Alive
1 > User-Agent: Apache-HttpClient/4.5.14 (Java/17.0.20.1)
1 > Accept-Encoding: gzip,deflate
{"username":"alexqa_b2e09cfe-9e61-4faf-858a-cb7e5a942392","password":"123456"}

21:55:20.659 DEBUG com.intuit.karate - response time in milliseconds: 363
1 < 200
1 < content-type: application/json
1 < x-cloud-trace-context: bf48cad2257b9f9aa3e480b93ccd8380
1 < date: Mon, 05 Oct 2026 02:55:20 GMT
1 < server: Google Frontend
1 < Content-Length: 3
""


21:55:20.672 DEBUG com.intuit.karate - request:
1 > POST https://api.demoblaze.com/signup
1 > Content-Type: application/json; charset=UTF-8
1 > Content-Length: 78
1 > Host: api.demoblaze.com
1 > Connection: Keep-Alive
1 > User-Agent: Apache-HttpClient/4.5.14 (Java/17.0.20.1)
1 > Accept-Encoding: gzip,deflate
{"username":"alexqa_b2e09cfe-9e61-4faf-858a-cb7e5a942392","password":"123456"}

21:55:20.951 DEBUG com.intuit.karate - response time in milliseconds: 263
1 < 200
1 < content-type: application/json
1 < vary: Accept-Encoding
1 < x-cloud-trace-context: d5c26027c9098b63c3532c4a3982296e
1 < date: Mon, 05 Oct 2026 02:55:20 GMT
1 < server: Google Frontend
1 < Transfer-Encoding: chunked
{"errorMessage":"This user already exist."}


---------------------------------------------------------
feature: classpath:features/auth/signup.feature
scenarios:  1 | passed:  1 | failed:  0 | time: 0,6848
---------------------------------------------------------

21:55:21.263 INFO  com.intuit.karate.Suite - <<pass>> feature 2 of 2 (0 remaining) classpath:features/auth/signup.feature
Karate version: 1.5.2
======================================================
elapsed:   8,86 | threads:    1 | thread time: 2,71 
features:     2 | skipped:    0 | efficiency: 0,31
scenarios:    2 | passed:     2 | failed: 0
======================================================

HTML report: (paste into browser to view) | Karate version: 1.5.2
file:///C:/Users/acvsy/Documents/Alex/Pruebas%20sofka/demoblaze-api-karate/target/karate-reports/karate-summary.html
===================================================================

[INFO] Tests run: 1, Failures: 0, Errors: 0, Skipped: 0, Time elapsed: 9.693 s -- in com.demoblaze.api.ApiTest
[INFO] 
[INFO] Results:
[INFO] 
[INFO] Tests run: 1, Failures: 0, Errors: 0, Skipped: 0
[INFO] 
[INFO] ------------------------------------------------------------------------
[INFO] BUILD SUCCESS
[INFO] ------------------------------------------------------------------------
[INFO] Total time:  18.374 s
[INFO] Finished at: 2026-10-04T21:55:21-05:00
[INFO] ------------------------------------------------------------------------
