[INFO] Scanning for projects...
[INFO] 
[INFO] -----------------< com.demoblaze:demoblaze-api-karate >-----------------
[INFO] Building demoblaze-api-karate 1.0.0-SNAPSHOT
[INFO]   from pom.xml
[INFO] --------------------------------[ jar ]---------------------------------
[INFO] Loaded 23991 auto-discovered prefixes for remote repository central (prefixes-central.txt)
[INFO] Loaded 74 auto-discovered prefixes for remote repository apache.snapshots (prefixes-apache.snapshots.txt)
[INFO] 
[INFO] --- clean:3.5.0:clean (default-clean) @ demoblaze-api-karate ---
[INFO] Deleting C:\Users\acvsy\Documents\Alex\Pruebas sofka\demoblaze-api-karate\target
[INFO] 
[INFO] --- resources:3.5.0:resources (default-resources) @ demoblaze-api-karate ---
[INFO] skip non existing resourceDirectory C:\Users\acvsy\Documents\Alex\Pruebas sofka\demoblaze-api-karate\src\main\resources
[INFO] 
[INFO] --- compiler:3.14.0:compile (default-compile) @ demoblaze-api-karate ---
[INFO] No sources to compile
[INFO] 
[INFO] --- resources:3.5.0:testResources (default-testResources) @ demoblaze-api-karate ---
[INFO] Copying 6 resources from src\test\resources to target\test-classes
[INFO] 
[INFO] --- compiler:3.14.0:testCompile (default-testCompile) @ demoblaze-api-karate ---
[INFO] Recompiling the module because of changed source code.
[INFO] Compiling 1 source file with javac [debug release 17] to target\test-classes
[INFO] 
[INFO] --- surefire:3.5.3:test (default-test) @ demoblaze-api-karate ---
[INFO] Using auto detected provider org.apache.maven.surefire.junitplatform.JUnitPlatformProvider
[INFO] 
[INFO] -------------------------------------------------------
[INFO]  T E S T S
[INFO] -------------------------------------------------------
[INFO] Running com.demoblaze.api.ApiTest
21:55:51.247 INFO  com.intuit.karate.Runner - using system property 'karate.options': --tags @positive
21:55:52.114 DEBUG com.intuit.karate.Suite - [config] classpath:karate-config.js
21:55:52.123 DEBUG com.intuit.karate.Suite - waiting for 2 features to complete
21:55:54.295 DEBUG com.intuit.karate - request:
1 > POST https://api.demoblaze.com/signup
1 > Content-Type: application/json; charset=UTF-8
1 > Content-Length: 78
1 > Host: api.demoblaze.com
1 > Connection: Keep-Alive
1 > User-Agent: Apache-HttpClient/4.5.14 (Java/17.0.20.1)
1 > Accept-Encoding: gzip,deflate
{"username":"alexqa_d582ea79-b4e9-43a5-ab32-ca96e6d992d8","password":"123456"}

21:55:54.947 DEBUG com.intuit.karate - response time in milliseconds: 652
1 < 200
1 < content-type: application/json
1 < x-cloud-trace-context: ff917a64afe087bcb641edcd3cd85d5d
1 < date: Mon, 05 Oct 2026 02:55:54 GMT
1 < server: Google Frontend
1 < Content-Length: 3
""


21:55:55.037 DEBUG com.intuit.karate - request:
1 > POST https://api.demoblaze.com/login
1 > Content-Type: application/json; charset=UTF-8
1 > Content-Length: 78
1 > Host: api.demoblaze.com
1 > Connection: Keep-Alive
1 > User-Agent: Apache-HttpClient/4.5.14 (Java/17.0.20.1)
1 > Accept-Encoding: gzip,deflate
{"username":"alexqa_d582ea79-b4e9-43a5-ab32-ca96e6d992d8","password":"123456"}

21:55:55.406 DEBUG com.intuit.karate - response time in milliseconds: 369
1 < 200
1 < content-type: application/json
1 < vary: Accept-Encoding
1 < x-cloud-trace-context: 8b3752db712a8309313cc83c5c9144d0
1 < date: Mon, 05 Oct 2026 02:55:54 GMT
1 < server: Google Frontend
1 < Transfer-Encoding: chunked
"Auth_token: YWxleHFhX2Q1ODJlYTc5LWI0ZTktNDNhNS1hYjMyLWNhOTZlNmQ5OTJkODE3OTE3Njg="


---------------------------------------------------------
feature: classpath:features/auth/login.feature
scenarios:  1 | passed:  1 | failed:  0 | time: 1,9458
---------------------------------------------------------

21:55:56.641 INFO  com.intuit.karate.Suite - <<pass>> feature 1 of 2 (1 remaining) classpath:features/auth/login.feature
21:55:56.671 DEBUG com.intuit.karate - request:
1 > POST https://api.demoblaze.com/signup
1 > Content-Type: application/json; charset=UTF-8
1 > Content-Length: 78
1 > Host: api.demoblaze.com
1 > Connection: Keep-Alive
1 > User-Agent: Apache-HttpClient/4.5.14 (Java/17.0.20.1)
1 > Accept-Encoding: gzip,deflate
{"username":"alexqa_423648df-06ab-47a6-9615-e0cf5bd68480","password":"123456"}

21:55:57.039 DEBUG com.intuit.karate - response time in milliseconds: 368
1 < 200
1 < content-type: application/json
1 < x-cloud-trace-context: 3c0d758e60380da9906fc845fdbbfe3a
1 < date: Mon, 05 Oct 2026 02:55:56 GMT
1 < server: Google Frontend
1 < Content-Length: 3
""


---------------------------------------------------------
feature: classpath:features/auth/signup.feature
scenarios:  1 | passed:  1 | failed:  0 | time: 0,4047
---------------------------------------------------------

21:55:57.396 INFO  com.intuit.karate.Suite - <<pass>> feature 2 of 2 (0 remaining) classpath:features/auth/signup.feature
Karate version: 1.5.2
======================================================
elapsed:   6,17 | threads:    1 | thread time: 2,35 
features:     2 | skipped:    0 | efficiency: 0,38
scenarios:    2 | passed:     2 | failed: 0
======================================================

HTML report: (paste into browser to view) | Karate version: 1.5.2
file:///C:/Users/acvsy/Documents/Alex/Pruebas%20sofka/demoblaze-api-karate/target/karate-reports/karate-summary.html
===================================================================

[INFO] Tests run: 1, Failures: 0, Errors: 0, Skipped: 0, Time elapsed: 7.090 s -- in com.demoblaze.api.ApiTest
[INFO] 
[INFO] Results:
[INFO] 
[INFO] Tests run: 1, Failures: 0, Errors: 0, Skipped: 0
[INFO] 
[INFO] ------------------------------------------------------------------------
[INFO] BUILD SUCCESS
[INFO] ------------------------------------------------------------------------
[INFO] Total time:  15.831 s
[INFO] Finished at: 2026-10-04T21:55:58-05:00
[INFO] ------------------------------------------------------------------------
