[INFO] Scanning for projects...
[INFO] 
[INFO] -----------------< com.demoblaze:demoblaze-api-karate >-----------------
[INFO] Building demoblaze-api-karate 1.0.0-SNAPSHOT
[INFO]   from pom.xml
[INFO] --------------------------------[ jar ]---------------------------------
[INFO] Loaded 23991 auto-discovered prefixes for remote repository central (prefixes-central.txt)
[INFO] Loaded 74 auto-discovered prefixes for remote repository apache.snapshots (prefixes-apache.snapshots.txt)
[INFO] 
[INFO] --- clean:3.5.0:clean (default-clean) @ demoblaze-api-karate ---
[INFO] Deleting C:\Users\acvsy\Documents\Alex\Pruebas sofka\demoblaze-api-karate\target
[INFO] 
[INFO] --- resources:3.5.0:resources (default-resources) @ demoblaze-api-karate ---
[INFO] skip non existing resourceDirectory C:\Users\acvsy\Documents\Alex\Pruebas sofka\demoblaze-api-karate\src\main\resources
[INFO] 
[INFO] --- compiler:3.14.0:compile (default-compile) @ demoblaze-api-karate ---
[INFO] No sources to compile
[INFO] 
[INFO] --- resources:3.5.0:testResources (default-testResources) @ demoblaze-api-karate ---
[INFO] Copying 6 resources from src\test\resources to target\test-classes
[INFO] 
[INFO] --- compiler:3.14.0:testCompile (default-testCompile) @ demoblaze-api-karate ---
[INFO] Recompiling the module because of changed source code.
[INFO] Compiling 1 source file with javac [debug release 17] to target\test-classes
[INFO] 
[INFO] --- surefire:3.5.3:test (default-test) @ demoblaze-api-karate ---
[INFO] Using auto detected provider org.apache.maven.surefire.junitplatform.JUnitPlatformProvider
[INFO] 
[INFO] -------------------------------------------------------
[INFO]  T E S T S
[INFO] -------------------------------------------------------
[INFO] Running com.demoblaze.api.ApiTest
21:54:34.522 INFO  com.intuit.karate.Runner - using system property 'karate.options': --tags @signup
21:54:35.432 DEBUG com.intuit.karate.Suite - [config] classpath:karate-config.js
21:54:35.439 DEBUG com.intuit.karate.Suite - waiting for 2 features to complete
21:54:38.181 DEBUG com.intuit.karate - request:
1 > POST https://api.demoblaze.com/signup
1 > Content-Type: application/json; charset=UTF-8
1 > Content-Length: 78
1 > Host: api.demoblaze.com
1 > Connection: Keep-Alive
1 > User-Agent: Apache-HttpClient/4.5.14 (Java/17.0.20.1)
1 > Accept-Encoding: gzip,deflate
{"username":"alexqa_e78329c4-2aa8-40cf-ac26-e8dd44a30f58","password":"123456"}

21:54:38.820 DEBUG com.intuit.karate - response time in milliseconds: 629
1 < 200
1 < content-type: application/json
1 < x-cloud-trace-context: 8c7e0857a6cfe8e1a707d7de1fa239e4
1 < date: Mon, 05 Oct 2026 02:54:38 GMT
1 < server: Google Frontend
1 < Content-Length: 3
""


21:54:38.964 DEBUG com.intuit.karate - request:
1 > POST https://api.demoblaze.com/signup
1 > Content-Type: application/json; charset=UTF-8
1 > Content-Length: 78
1 > Host: api.demoblaze.com
1 > Connection: Keep-Alive
1 > User-Agent: Apache-HttpClient/4.5.14 (Java/17.0.20.1)
1 > Accept-Encoding: gzip,deflate
{"username":"alexqa_25bead73-5d05-4f35-8d45-f74121e094d8","password":"123456"}

21:54:39.286 DEBUG com.intuit.karate - response time in milliseconds: 314
1 < 200
1 < content-type: application/json
1 < x-cloud-trace-context: e0c1a8de691ece4bf803dff2e746a90e
1 < date: Mon, 05 Oct 2026 02:54:38 GMT
1 < server: Google Frontend
1 < Content-Length: 3
""


21:54:39.307 DEBUG com.intuit.karate - request:
1 > POST https://api.demoblaze.com/signup
1 > Content-Type: application/json; charset=UTF-8
1 > Content-Length: 78
1 > Host: api.demoblaze.com
1 > Connection: Keep-Alive
1 > User-Agent: Apache-HttpClient/4.5.14 (Java/17.0.20.1)
1 > Accept-Encoding: gzip,deflate
{"username":"alexqa_25bead73-5d05-4f35-8d45-f74121e094d8","password":"123456"}

21:54:39.598 DEBUG com.intuit.karate - response time in milliseconds: 290
1 < 200
1 < content-type: application/json
1 < vary: Accept-Encoding
1 < x-cloud-trace-context: 5e33c6bc0f1f87fcb5ba89a9c74886d0
1 < date: Mon, 05 Oct 2026 02:54:39 GMT
1 < server: Google Frontend
1 < Transfer-Encoding: chunked
{"errorMessage":"This user already exist."}


---------------------------------------------------------
feature: classpath:features/auth/signup.feature
scenarios:  2 | passed:  2 | failed:  0 | time: 2,1833
---------------------------------------------------------

21:54:41.121 INFO  com.intuit.karate.Suite - <<pass>> feature 2 of 2 (0 remaining) classpath:features/auth/signup.feature
Karate version: 1.5.2
======================================================
elapsed:   6,61 | threads:    1 | thread time: 2,18 
features:     1 | skipped:    1 | efficiency: 0,33
scenarios:    2 | passed:     2 | failed: 0
======================================================

HTML report: (paste into browser to view) | Karate version: 1.5.2
file:///C:/Users/acvsy/Documents/Alex/Pruebas%20sofka/demoblaze-api-karate/target/karate-reports/karate-summary.html
===================================================================

[INFO] Tests run: 1, Failures: 0, Errors: 0, Skipped: 0, Time elapsed: 7.332 s -- in com.demoblaze.api.ApiTest
[INFO] 
[INFO] Results:
[INFO] 
[INFO] Tests run: 1, Failures: 0, Errors: 0, Skipped: 0
[INFO] 
[INFO] ------------------------------------------------------------------------
[INFO] BUILD SUCCESS
[INFO] ------------------------------------------------------------------------
[INFO] Total time:  16.467 s
[INFO] Finished at: 2026-10-04T21:54:41-05:00
[INFO] ------------------------------------------------------------------------
