[INFO] Scanning for projects...
[INFO] 
[INFO] -----------------< com.demoblaze:demoblaze-api-karate >-----------------
[INFO] Building demoblaze-api-karate 1.0.0-SNAPSHOT
[INFO]   from pom.xml
[INFO] --------------------------------[ jar ]---------------------------------
[INFO] Loaded 23991 auto-discovered prefixes for remote repository central (prefixes-central.txt)
[INFO] Loaded 74 auto-discovered prefixes for remote repository apache.snapshots (prefixes-apache.snapshots.txt)
[INFO] 
[INFO] --- clean:3.5.0:clean (default-clean) @ demoblaze-api-karate ---
[INFO] Deleting C:\Users\acvsy\Documents\Alex\Pruebas sofka\demoblaze-api-karate\target
[INFO] 
[INFO] --- resources:3.5.0:resources (default-resources) @ demoblaze-api-karate ---
[INFO] skip non existing resourceDirectory C:\Users\acvsy\Documents\Alex\Pruebas sofka\demoblaze-api-karate\src\main\resources
[INFO] 
[INFO] --- compiler:3.14.0:compile (default-compile) @ demoblaze-api-karate ---
[INFO] No sources to compile
[INFO] 
[INFO] --- resources:3.5.0:testResources (default-testResources) @ demoblaze-api-karate ---
[INFO] Copying 6 resources from src\test\resources to target\test-classes
[INFO] 
[INFO] --- compiler:3.14.0:testCompile (default-testCompile) @ demoblaze-api-karate ---
[INFO] Recompiling the module because of changed source code.
[INFO] Compiling 1 source file with javac [debug release 17] to target\test-classes
[INFO] 
[INFO] --- surefire:3.5.3:test (default-test) @ demoblaze-api-karate ---
[INFO] Using auto detected provider org.apache.maven.surefire.junitplatform.JUnitPlatformProvider
[INFO] 
[INFO] -------------------------------------------------------
[INFO]  T E S T S
[INFO] -------------------------------------------------------
[INFO] Running com.demoblaze.api.ApiTest
21:55:32.750 INFO  com.intuit.karate.Runner - using system property 'karate.options': --tags @smoke
21:55:33.760 DEBUG com.intuit.karate.Suite - [config] classpath:karate-config.js
21:55:33.774 DEBUG com.intuit.karate.Suite - waiting for 2 features to complete
21:55:36.546 DEBUG com.intuit.karate - request:
1 > POST https://api.demoblaze.com/signup
1 > Content-Type: application/json; charset=UTF-8
1 > Content-Length: 78
1 > Host: api.demoblaze.com
1 > Connection: Keep-Alive
1 > User-Agent: Apache-HttpClient/4.5.14 (Java/17.0.20.1)
1 > Accept-Encoding: gzip,deflate
{"username":"alexqa_0397aadb-90c7-40d6-b1bc-e37432b982c6","password":"123456"}

21:55:37.099 DEBUG com.intuit.karate - response time in milliseconds: 543
1 < 200
1 < content-type: application/json
1 < x-cloud-trace-context: b6c64652b32944274fdfd4fb44f6797d
1 < date: Mon, 05 Oct 2026 02:55:36 GMT
1 < server: Google Frontend
1 < Content-Length: 3
""


21:55:37.161 DEBUG com.intuit.karate - request:
1 > POST https://api.demoblaze.com/login
1 > Content-Type: application/json; charset=UTF-8
1 > Content-Length: 78
1 > Host: api.demoblaze.com
1 > Connection: Keep-Alive
1 > User-Agent: Apache-HttpClient/4.5.14 (Java/17.0.20.1)
1 > Accept-Encoding: gzip,deflate
{"username":"alexqa_0397aadb-90c7-40d6-b1bc-e37432b982c6","password":"123456"}

21:55:37.490 DEBUG com.intuit.karate - response time in milliseconds: 329
1 < 200
1 < content-type: application/json
1 < vary: Accept-Encoding
1 < x-cloud-trace-context: a7b89168700fa20e2077ff7684870961
1 < date: Mon, 05 Oct 2026 02:55:36 GMT
1 < server: Google Frontend
1 < Transfer-Encoding: chunked
"Auth_token: YWxleHFhXzAzOTdhYWRiLTkwYzctNDBkNi1iMWJjLWUzNzQzMmI5ODJjNjE3OTE3Njg="


---------------------------------------------------------
feature: classpath:features/auth/login.feature
scenarios:  1 | passed:  1 | failed:  0 | time: 1,7222
---------------------------------------------------------

21:55:39.300 INFO  com.intuit.karate.Suite - <<pass>> feature 1 of 2 (1 remaining) classpath:features/auth/login.feature
21:55:39.341 DEBUG com.intuit.karate - request:
1 > POST https://api.demoblaze.com/signup
1 > Content-Type: application/json; charset=UTF-8
1 > Content-Length: 78
1 > Host: api.demoblaze.com
1 > Connection: Keep-Alive
1 > User-Agent: Apache-HttpClient/4.5.14 (Java/17.0.20.1)
1 > Accept-Encoding: gzip,deflate
{"username":"alexqa_50fec609-c151-46ff-8001-a8fecbb3c125","password":"123456"}

21:55:39.625 DEBUG com.intuit.karate - response time in milliseconds: 284
1 < 200
1 < content-type: application/json
1 < x-cloud-trace-context: 15f0d01614aa613c8a6c60b1e7cf459c
1 < date: Mon, 05 Oct 2026 02:55:39 GMT
1 < server: Google Frontend
1 < Content-Length: 3
""


---------------------------------------------------------
feature: classpath:features/auth/signup.feature
scenarios:  1 | passed:  1 | failed:  0 | time: 0,3138
---------------------------------------------------------

21:55:39.751 INFO  com.intuit.karate.Suite - <<pass>> feature 2 of 2 (0 remaining) classpath:features/auth/signup.feature
Karate version: 1.5.2
======================================================
elapsed:   7,02 | threads:    1 | thread time: 2,04 
features:     2 | skipped:    0 | efficiency: 0,29
scenarios:    2 | passed:     2 | failed: 0
======================================================

HTML report: (paste into browser to view) | Karate version: 1.5.2
file:///C:/Users/acvsy/Documents/Alex/Pruebas%20sofka/demoblaze-api-karate/target/karate-reports/karate-summary.html
===================================================================

[INFO] Tests run: 1, Failures: 0, Errors: 0, Skipped: 0, Time elapsed: 7.592 s -- in com.demoblaze.api.ApiTest
[INFO] 
[INFO] Results:
[INFO] 
[INFO] Tests run: 1, Failures: 0, Errors: 0, Skipped: 0
[INFO] 
[INFO] ------------------------------------------------------------------------
[INFO] BUILD SUCCESS
[INFO] ------------------------------------------------------------------------
[INFO] Total time:  15.770 s
[INFO] Finished at: 2026-10-04T21:55:40-05:00
[INFO] ------------------------------------------------------------------------
